// Jest Snapshot v1, https://jestjs.io/docs/snapshot-testing

exports[`ProjectSelectorPage matches snapshot for a typical project list 1`] = `
<div>
  <div
    class="max-w-7/8 mx-auto mt-10 p-6 bg-white rounded-lg shadow"
  >
    <h1
      class="text-center text-2xl font-semibold mb-6"
    >
      Select a Project
    </h1>
    <ul
      class="list-none p-0"
    >
      <li
        class="p-3 mb-3 rounded cursor-pointer transition-colors flex items-center justify-between bg-gray-100 hover:bg-indigo-100"
      >
        <div
          class="flex-1 flex items-center"
        >
          <p
            class="font-semibold ml-2"
          >
            Project One
          </p>
          <p
            class="text-gray-500 ml-6 overflow-hidden truncate"
            title="Desc One"
          >
            Desc One
          </p>
        </div>
        <div
          class="relative"
          data-test-id="hover-menu-1"
        >
          <button
            aria-haspopup="true"
            aria-label="Project actions"
            class="p-2 rounded-full hover:bg-gray-200 focus:outline-none"
          >
            <svg
              class="h-5 w-5 text-gray-600"
              fill="currentColor"
              viewBox="0 0 20 20"
              xmlns="http://www.w3.org/2000/svg"
            >
              <path
                d="M10 6a2 2 0 110-4 2 2 0 010 4zM10 12a2 2 0 110-4 2 2 0 010 4zM10 18a2 2 0 110-4 2 2 0 010 4z"
              />
            </svg>
          </button>
        </div>
      </li>
      <li
        class="p-3 mb-3 rounded cursor-pointer transition-colors flex items-center justify-between bg-gray-100 hover:bg-indigo-100"
      >
        <div
          class="flex-1 flex items-center"
        >
          <p
            class="font-semibold ml-2"
          >
            Project Two
          </p>
          <p
            class="text-gray-500 ml-6 overflow-hidden truncate"
          >
            No description available
          </p>
        </div>
        <div
          class="relative"
          data-test-id="hover-menu-2"
        >
          <button
            aria-haspopup="true"
            aria-label="Project actions"
            class="p-2 rounded-full hover:bg-gray-200 focus:outline-none"
          >
            <svg
              class="h-5 w-5 text-gray-600"
              fill="currentColor"
              viewBox="0 0 20 20"
              xmlns="http://www.w3.org/2000/svg"
            >
              <path
                d="M10 6a2 2 0 110-4 2 2 0 010 4zM10 12a2 2 0 110-4 2 2 0 010 4zM10 18a2 2 0 110-4 2 2 0 010 4z"
              />
            </svg>
          </button>
        </div>
      </li>
    </ul>
  </div>
</div>
`;
